// Jest Snapshot v1, https://goo.gl/fbAQLP

exports[`Quote component is working 1`] = `
<div
  className="container"
>
  <h3>
    Mathematics is a language. — Josiah Willard Gibbs, American scientist
  </h3>
  <h3>
    If you stop at general math, then you will only make general money. - Snoop Dogg
  </h3>
  <h3>
    Pure mathematics is, in its way, the poetry of logical ideas. - Albert Einstein
  </h3>
</div>
`;
