// Jest Snapshot v1, https://goo.gl/fbAQLP

exports[`renders correctly 1`] = `
<div>
  <div
    className="homePage"
  >
    <h1>
      Welcome to our page
       
       
    </h1>
     
     
     
    <p
      className="homeParagraph"
    >
      Lorem ipsum dolor sit amet, consectetur adipiscing elit.Fusce tellus augue, tincidunt malesuada nulla sed, rutrum porttitor dui..
       
       
    </p>
     
     
     
    <p
      className="homeParagraph"
    >
      Lorem ipsum dolor sit amet, consectetur adipiscing elit.Fusce tellus augue, tincidunt malesuada nulla sed, rutrum porttitor dui.
       
       
    </p>
  </div>
</div>
`;
